{
    "theme": {
        "id": @integer@,
        "translations": [
            {
                "locale": "en_US",
                "name": "Cinema",
                "id": @integer@
            }
        ],
        "translations_cache": [],
        "current_locale": "en_US",
        "fallback_locale": "en_US"
    },
    "id": @integer@
}
